CRITICAL - 2026-05-08 06:47:13 --> ParseError: syntax error, unexpected token "<", expecting end of file
[Method: GET, Route: register]
in APPPATH/Config/Routes.php on line 10.
 1 SYSTEMPATH/CodeIgniter.php(818): CodeIgniter\Router\RouteCollection->loadRoutes()
 2 SYSTEMPATH/CodeIgniter.php(441): CodeIgniter\CodeIgniter->tryToRouteIt()
 3 SYSTEMPATH/CodeIgniter.php(340): CodeIgniter\CodeIgniter->handleRequest()
 4 SYSTEMPATH/Boot.php(417): CodeIgniter\CodeIgniter->run()
 5 SYSTEMPATH/Boot.php(68): CodeIgniter\Boot::runCodeIgniter()
 6 FCPATH/index.php(59): CodeIgniter\Boot::bootWeb()
 7 SYSTEMPATH/rewrite.php(44): require_once('/home/tiavina-anjaranomena/SYST-INFO/regime/public/index.php')
CRITICAL - 2026-05-08 06:47:15 --> ParseError: syntax error, unexpected token "<", expecting end of file
[Method: GET, Route: /]
in APPPATH/Config/Routes.php on line 10.
 1 SYSTEMPATH/CodeIgniter.php(818): CodeIgniter\Router\RouteCollection->loadRoutes()
 2 SYSTEMPATH/CodeIgniter.php(441): CodeIgniter\CodeIgniter->tryToRouteIt()
 3 SYSTEMPATH/CodeIgniter.php(340): CodeIgniter\CodeIgniter->handleRequest()
 4 SYSTEMPATH/Boot.php(417): CodeIgniter\CodeIgniter->run()
 5 SYSTEMPATH/Boot.php(68): CodeIgniter\Boot::runCodeIgniter()
 6 FCPATH/index.php(59): CodeIgniter\Boot::bootWeb()
 7 SYSTEMPATH/rewrite.php(44): require_once('/home/tiavina-anjaranomena/SYST-INFO/regime/public/index.php')
CRITICAL - 2026-05-08 06:47:18 --> ParseError: syntax error, unexpected token "<", expecting end of file
[Method: GET, Route: /]
in APPPATH/Config/Routes.php on line 10.
 1 SYSTEMPATH/CodeIgniter.php(818): CodeIgniter\Router\RouteCollection->loadRoutes()
 2 SYSTEMPATH/CodeIgniter.php(441): CodeIgniter\CodeIgniter->tryToRouteIt()
 3 SYSTEMPATH/CodeIgniter.php(340): CodeIgniter\CodeIgniter->handleRequest()
 4 SYSTEMPATH/Boot.php(417): CodeIgniter\CodeIgniter->run()
 5 SYSTEMPATH/Boot.php(68): CodeIgniter\Boot::runCodeIgniter()
 6 FCPATH/index.php(59): CodeIgniter\Boot::bootWeb()
 7 SYSTEMPATH/rewrite.php(44): require_once('/home/tiavina-anjaranomena/SYST-INFO/regime/public/index.php')
CRITICAL - 2026-05-08 06:47:42 --> ParseError: syntax error, unexpected token "<", expecting end of file
[Method: GET, Route: /]
in APPPATH/Config/Routes.php on line 10.
 1 SYSTEMPATH/CodeIgniter.php(818): CodeIgniter\Router\RouteCollection->loadRoutes()
 2 SYSTEMPATH/CodeIgniter.php(441): CodeIgniter\CodeIgniter->tryToRouteIt()
 3 SYSTEMPATH/CodeIgniter.php(340): CodeIgniter\CodeIgniter->handleRequest()
 4 SYSTEMPATH/Boot.php(417): CodeIgniter\CodeIgniter->run()
 5 SYSTEMPATH/Boot.php(68): CodeIgniter\Boot::runCodeIgniter()
 6 FCPATH/index.php(59): CodeIgniter\Boot::bootWeb()
 7 SYSTEMPATH/rewrite.php(44): require_once('/home/tiavina-anjaranomena/SYST-INFO/regime/public/index.php')
CRITICAL - 2026-05-08 06:50:36 --> ParseError: syntax error, unexpected token "<", expecting end of file
[Method: POST, Route: register/step1]
in APPPATH/Config/Routes.php on line 10.
 1 SYSTEMPATH/CodeIgniter.php(818): CodeIgniter\Router\RouteCollection->loadRoutes()
 2 SYSTEMPATH/CodeIgniter.php(441): CodeIgniter\CodeIgniter->tryToRouteIt()
 3 SYSTEMPATH/CodeIgniter.php(340): CodeIgniter\CodeIgniter->handleRequest()
 4 SYSTEMPATH/Boot.php(417): CodeIgniter\CodeIgniter->run()
 5 SYSTEMPATH/Boot.php(68): CodeIgniter\Boot::runCodeIgniter()
 6 FCPATH/index.php(59): CodeIgniter\Boot::bootWeb()
 7 SYSTEMPATH/rewrite.php(44): require_once('/home/tiavina-anjaranomena/SYST-INFO/regime/public/index.php')
CRITICAL - 2026-05-08 06:50:38 --> ParseError: syntax error, unexpected token "<", expecting end of file
[Method: GET, Route: register]
in APPPATH/Config/Routes.php on line 10.
 1 SYSTEMPATH/CodeIgniter.php(818): CodeIgniter\Router\RouteCollection->loadRoutes()
 2 SYSTEMPATH/CodeIgniter.php(441): CodeIgniter\CodeIgniter->tryToRouteIt()
 3 SYSTEMPATH/CodeIgniter.php(340): CodeIgniter\CodeIgniter->handleRequest()
 4 SYSTEMPATH/Boot.php(417): CodeIgniter\CodeIgniter->run()
 5 SYSTEMPATH/Boot.php(68): CodeIgniter\Boot::runCodeIgniter()
 6 FCPATH/index.php(59): CodeIgniter\Boot::bootWeb()
 7 SYSTEMPATH/rewrite.php(44): require_once('/home/tiavina-anjaranomena/SYST-INFO/regime/public/index.php')
CRITICAL - 2026-05-08 06:50:39 --> ParseError: syntax error, unexpected token "<", expecting end of file
[Method: GET, Route: login]
in APPPATH/Config/Routes.php on line 10.
 1 SYSTEMPATH/CodeIgniter.php(818): CodeIgniter\Router\RouteCollection->loadRoutes()
 2 SYSTEMPATH/CodeIgniter.php(441): CodeIgniter\CodeIgniter->tryToRouteIt()
 3 SYSTEMPATH/CodeIgniter.php(340): CodeIgniter\CodeIgniter->handleRequest()
 4 SYSTEMPATH/Boot.php(417): CodeIgniter\CodeIgniter->run()
 5 SYSTEMPATH/Boot.php(68): CodeIgniter\Boot::runCodeIgniter()
 6 FCPATH/index.php(59): CodeIgniter\Boot::bootWeb()
 7 SYSTEMPATH/rewrite.php(44): require_once('/home/tiavina-anjaranomena/SYST-INFO/regime/public/index.php')
CRITICAL - 2026-05-08 06:50:40 --> ParseError: syntax error, unexpected token "<", expecting end of file
[Method: GET, Route: /]
in APPPATH/Config/Routes.php on line 10.
 1 SYSTEMPATH/CodeIgniter.php(818): CodeIgniter\Router\RouteCollection->loadRoutes()
 2 SYSTEMPATH/CodeIgniter.php(441): CodeIgniter\CodeIgniter->tryToRouteIt()
 3 SYSTEMPATH/CodeIgniter.php(340): CodeIgniter\CodeIgniter->handleRequest()
 4 SYSTEMPATH/Boot.php(417): CodeIgniter\CodeIgniter->run()
 5 SYSTEMPATH/Boot.php(68): CodeIgniter\Boot::runCodeIgniter()
 6 FCPATH/index.php(59): CodeIgniter\Boot::bootWeb()
 7 SYSTEMPATH/rewrite.php(44): require_once('/home/tiavina-anjaranomena/SYST-INFO/regime/public/index.php')
CRITICAL - 2026-05-08 06:55:54 --> TypeError: CodeIgniter\Database\BaseBuilder::setBind(): Argument #1 ($key) must be of type string, int given, called in /home/tiavina-anjaranomena/SYST-INFO/regime/system/Database/BaseBuilder.php on line 1575
[Method: POST, Route: register/step2]
in SYSTEMPATH/Database/BaseBuilder.php on line 3528.
 1 SYSTEMPATH/Database/BaseBuilder.php(1575): CodeIgniter\Database\BaseBuilder->setBind()
 2 SYSTEMPATH/Model.php(326): CodeIgniter\Database\BaseBuilder->set()
 3 SYSTEMPATH/BaseModel.php(899): CodeIgniter\Model->doInsert()
 4 SYSTEMPATH/Model.php(668): CodeIgniter\BaseModel->insert()
 5 APPPATH/Controllers/AuthController.php(131): CodeIgniter\Model->insert()
 6 SYSTEMPATH/CodeIgniter.php(951): App\Controllers\AuthController->doRegisterStep2()
 7 SYSTEMPATH/CodeIgniter.php(497): CodeIgniter\CodeIgniter->runController()
 8 SYSTEMPATH/CodeIgniter.php(340): CodeIgniter\CodeIgniter->handleRequest()
 9 SYSTEMPATH/Boot.php(417): CodeIgniter\CodeIgniter->run()
10 SYSTEMPATH/Boot.php(68): CodeIgniter\Boot::runCodeIgniter()
11 FCPATH/index.php(59): CodeIgniter\Boot::bootWeb()
12 SYSTEMPATH/rewrite.php(44): require_once('/home/tiavina-anjaranomena/SYST-INFO/regime/public/index.php')
CRITICAL - 2026-05-08 07:06:36 --> TypeError: CodeIgniter\Database\BaseBuilder::setBind(): Argument #1 ($key) must be of type string, int given, called in /home/tiavina-anjaranomena/SYST-INFO/regime/system/Database/BaseBuilder.php on line 1575
[Method: POST, Route: register/step2]
in SYSTEMPATH/Database/BaseBuilder.php on line 3528.
 1 SYSTEMPATH/Database/BaseBuilder.php(1575): CodeIgniter\Database\BaseBuilder->setBind()
 2 SYSTEMPATH/Model.php(326): CodeIgniter\Database\BaseBuilder->set()
 3 SYSTEMPATH/BaseModel.php(899): CodeIgniter\Model->doInsert()
 4 SYSTEMPATH/Model.php(668): CodeIgniter\BaseModel->insert()
 5 APPPATH/Controllers/AuthController.php(131): CodeIgniter\Model->insert()
 6 SYSTEMPATH/CodeIgniter.php(951): App\Controllers\AuthController->doRegisterStep2()
 7 SYSTEMPATH/CodeIgniter.php(497): CodeIgniter\CodeIgniter->runController()
 8 SYSTEMPATH/CodeIgniter.php(340): CodeIgniter\CodeIgniter->handleRequest()
 9 SYSTEMPATH/Boot.php(417): CodeIgniter\CodeIgniter->run()
10 SYSTEMPATH/Boot.php(68): CodeIgniter\Boot::runCodeIgniter()
11 FCPATH/index.php(59): CodeIgniter\Boot::bootWeb()
12 SYSTEMPATH/rewrite.php(44): require_once('/home/tiavina-anjaranomena/SYST-INFO/regime/public/index.php')
CRITICAL - 2026-05-08 07:39:30 --> TypeError: CodeIgniter\Database\BaseBuilder::setBind(): Argument #1 ($key) must be of type string, int given, called in /home/tiavina-anjaranomena/SYST-INFO/regime/system/Database/BaseBuilder.php on line 1575
[Method: POST, Route: register/step2]
in SYSTEMPATH/Database/BaseBuilder.php on line 3528.
 1 SYSTEMPATH/Database/BaseBuilder.php(1575): CodeIgniter\Database\BaseBuilder->setBind()
 2 SYSTEMPATH/Model.php(326): CodeIgniter\Database\BaseBuilder->set()
 3 SYSTEMPATH/BaseModel.php(899): CodeIgniter\Model->doInsert()
 4 SYSTEMPATH/Model.php(668): CodeIgniter\BaseModel->insert()
 5 APPPATH/Controllers/AuthController.php(131): CodeIgniter\Model->insert()
 6 SYSTEMPATH/CodeIgniter.php(951): App\Controllers\AuthController->doRegisterStep2()
 7 SYSTEMPATH/CodeIgniter.php(497): CodeIgniter\CodeIgniter->runController()
 8 SYSTEMPATH/CodeIgniter.php(340): CodeIgniter\CodeIgniter->handleRequest()
 9 SYSTEMPATH/Boot.php(417): CodeIgniter\CodeIgniter->run()
10 SYSTEMPATH/Boot.php(68): CodeIgniter\Boot::runCodeIgniter()
11 FCPATH/index.php(59): CodeIgniter\Boot::bootWeb()
12 SYSTEMPATH/rewrite.php(44): require_once('/home/tiavina-anjaranomena/SYST-INFO/regime/public/index.php')
CRITICAL - 2026-05-08 07:41:14 --> TypeError: CodeIgniter\Database\BaseBuilder::setBind(): Argument #1 ($key) must be of type string, int given, called in /home/tiavina-anjaranomena/SYST-INFO/regime/system/Database/BaseBuilder.php on line 1575
[Method: POST, Route: register/step2]
in SYSTEMPATH/Database/BaseBuilder.php on line 3528.
 1 SYSTEMPATH/Database/BaseBuilder.php(1575): CodeIgniter\Database\BaseBuilder->setBind()
 2 SYSTEMPATH/Model.php(326): CodeIgniter\Database\BaseBuilder->set()
 3 SYSTEMPATH/BaseModel.php(899): CodeIgniter\Model->doInsert()
 4 SYSTEMPATH/Model.php(668): CodeIgniter\BaseModel->insert()
 5 APPPATH/Controllers/AuthController.php(131): CodeIgniter\Model->insert()
 6 SYSTEMPATH/CodeIgniter.php(951): App\Controllers\AuthController->doRegisterStep2()
 7 SYSTEMPATH/CodeIgniter.php(497): CodeIgniter\CodeIgniter->runController()
 8 SYSTEMPATH/CodeIgniter.php(340): CodeIgniter\CodeIgniter->handleRequest()
 9 SYSTEMPATH/Boot.php(417): CodeIgniter\CodeIgniter->run()
10 SYSTEMPATH/Boot.php(68): CodeIgniter\Boot::runCodeIgniter()
11 FCPATH/index.php(59): CodeIgniter\Boot::bootWeb()
12 SYSTEMPATH/rewrite.php(44): require_once('/home/tiavina-anjaranomena/SYST-INFO/regime/public/index.php')
